Microchip MPLAB XC8 Compiler V2.36

Linker command line:

-W-3 --edf=C:\Program Files\Microchip\xc8\v2.36\pic\dat\en_msgs.txt -cn \
  -h+dist/default/debug\Pressure_sensor.X.debug.sym \
  --cmf=dist/default/debug\Pressure_sensor.X.debug.cmf -z -Q16F877A \
  -oC:\Users\MELHEN~1\AppData\Local\Temp\xcAs6d0.4 --defsym=__MPLAB_BUILD=1 \
  -Mdist/default/debug/Pressure_sensor.X.debug.map \
  --md=C:\Users\MELHEN~1\AppData\Local\Temp\xcAs6d0.dat -E1 \
  -ver=XC8 Compiler --acfsm=1493 -ACODE=00h-07FFhx4 -ASTRCODE=00h-01FFFh \
  -ASTRING=00h-0FFhx32 -ACONST=00h-0FFhx32 -AENTRY=00h-0FFhx32 \
  -ACOMMON=070h-07Fh -ABANK0=020h-06Fh -ABANK1=0A0h-0EFh \
  -ABANK2=0110h-016Fh -ABANK3=0190h-01EFh \
  -ARAM=020h-06Fh,0A0h-0EFh,0110h-016Fh,0190h-01EFh \
  -AABS1=020h-07Fh,0A0h-0EFh,0110h-016Fh,0190h-01EFh -ASFR0=00h-01Fh \
  -ASFR1=080h-09Fh -ASFR2=0100h-010Fh -ASFR3=0180h-018Fh \
  -ACONFIG=02007h-02007h -DCONFIG=2 -AIDLOC=02000h-02003h -DIDLOC=2 \
  -AEEDATA=00h-0FFh/02100h -peeprom_data=EEDATA -DEEDATA=2 -DCODE=2 \
  -DSTRCODE=2 -DSTRING=2 -DCONST=2 -DENTRY=2 \
  -preset_vec=00h,intentry=04h,init,end_init -ppowerup=CODE -pcinit=CODE \
  -pfunctab=ENTRY -k C:\Users\MELHEN~1\AppData\Local\Temp\xcAs6d0.o \
  dist/default/debug\Pressure_sensor.X.debug.o 

Object code version is 3.11

Machine type is 16F877A



                Name                               Link     Load   Length Selector   Space Scale
C:\Users\MELHEN~1\AppData\Local\Temp\xcAs6d0.o
                end_init                              C        C        3        8       0
                reset_vec                             0        0        3        0       0
                config                             2007     2007        1        0       4
                idloc                              2000     2000        4        0       5
dist/default/debug\Pressure_sensor.X.debug.o
                cinit                                 F        F        5        8       0
                intentry                              4        4        8        8       0
                config                             2007     2007        1        0       4
                idloc                              2000     2000        4        0       5
                text8                               302      302       1F      5C4       0
                text7                               240      240       46        8       0
                text6                               286      286       3C        8       0
                text5                               321      321        1      5C4       0
                text4                                14       14       DD        8       0
                text3                                F1       F1       9D        8       0
                text2                               1F8      1F8       48        8       0
                text1                               18E      18E       6A        8       0
                maintext                            2E2      2E2       20      5C4       0
                cstackBANK0                          20       20       1E       20       1
                cstackCOMMON                         70       70        A       70       1
                bssCOMMON                            7A       7A        1       70       1
                nvBANK0                              3E       3E        4       20       1
                strings                             2C2      2C2       20      584       0

TOTAL           Name                               Link     Load   Length     Space
        CLASS   CODE           
                end_init                              C        C        3         0
                cinit                                 F        F        5         0
                intentry                              4        4        8         0
                reset_vec                             0        0        3         0
                text8                               302      302       1F         0
                text7                               240      240       46         0
                text6                               286      286       3C         0
                text5                               321      321        1         0
                text4                                14       14       DD         0
                text3                                F1       F1       9D         0
                text2                               1F8      1F8       48         0
                text1                               18E      18E       6A         0
                maintext                            2E2      2E2       20         0

        CLASS   STRCODE        

        CLASS   STRING         
                strings                             2C2      2C2       20         0

        CLASS   CONST          

        CLASS   ENTRY          

        CLASS   COMMON         
                cstackCOMMON                         70       70        A         1
                bssCOMMON                            7A       7A        1         1

        CLASS   BANK0          
                cstackBANK0                          20       20       1E         1
                nvBANK0                              3E       3E        4         1

        CLASS   BANK1          

        CLASS   BANK2          

        CLASS   BANK3          

        CLASS   RAM            

        CLASS   ABS1           
                abs_s1                               7E       7E        2         1

        CLASS   SFR0           

        CLASS   SFR1           

        CLASS   SFR2           

        CLASS   SFR3           

        CLASS   CONFIG         
                config                             2007     2007        1         4

        CLASS   IDLOC          
                idloc                              2000     2000        4         5

        CLASS   EEDATA         

        CLASS   STACK          



SEGMENTS        Name                           Load    Length   Top    Selector   Space  Class     Delta

                reset_vec                      000000  000003  000003         0       0  CODE        2
                intentry                       000004  0002BE  0002C2         8       0  CODE        2
                cstackBANK0                    000020  000022  000042        20       1  BANK0       1
                cstackCOMMON                   000070  00000B  00007B        70       1  COMMON      1
                strings                        0002C2  000020  0002E2       584       0  STRING      2
                maintext                       0002E2  000040  000322       5C4       0  CODE        2


UNUSED ADDRESS RANGES

        Name                Unused          Largest block    Delta
        BANK0            0042-006F             2E           1
        BANK1            00A0-00EF             50           1
        BANK2            0110-016F             60           1
        BANK3            0190-01EF             60           1
        CODE             0003-0003              1           2
                         0322-1FFF            800
        COMMON           007B-007D              3           1
        CONST            0003-0003              1           2
                         0322-1FFF            100
        EEDATA           2100-21FF            100           2
        ENTRY            0003-0003              1           2
                         0322-1FFF            100
        RAM              0042-006F             2E           1
                         00A0-00EF             50
                         0110-016F             60
                         0190-01EF             60
        SFR0             0000-001F             20           1
        SFR1             0080-009F             20           1
        SFR2             0100-010F             10           1
        SFR3             0180-018F             10           1
        STRCODE          0003-0003              1           2
                         0322-1FFF           1CDE
        STRING           0003-0003              1           2
                         0322-1FFF            100

                                  Symbol Table

?___aldiv                 cstackBANK0  0028
?___lmul                  cstackBANK0  0020
?___lwdiv                 cstackCOMMON 0073
?___lwmod                 cstackBANK0  0023
?_printf                  cstackBANK0  0027
_C                        bssCOMMON    007A
_GIE                      (abs)        005F
_ISR                      text8        0302
_PEIE                     (abs)        005E
_RB0                      (abs)        0030
_T1CKPS0                  (abs)        0084
_T1CKPS1                  (abs)        0085
_TMR1                     (abs)        000E
_TMR1CS                   (abs)        0081
_TMR1IE                   (abs)        0460
_TMR1IF                   (abs)        0060
_TMR1ON                   (abs)        0080
_TRISB0                   (abs)        0430
__Habs1                   abs1         0000
__Hbank0                  bank0        0000
__Hbank1                  bank1        0000
__Hbank2                  bank2        0000
__Hbank3                  bank3        0000
__HbssCOMMON              bssCOMMON    0000
__Hcinit                  cinit        0014
__Hclrtext                clrtext      0000
__Hcode                   code         0000
__Hcommon                 common       0000
__Hconfig                 config       2008
__HcstackBANK0            cstackBANK0  0000
__HcstackCOMMON           cstackCOMMON 0000
__Heeprom_data            eeprom_data  0000
__Hend_init               end_init     000F
__Hfunctab                functab      0000
__Hidloc                  idloc        2004
__Hinit                   init         000C
__Hintentry               intentry     000C
__Hmaintext               maintext     0000
__HnvBANK0                nvBANK0      0000
__Hpowerup                powerup      0000
__Hram                    ram          0000
__Hreset_vec              reset_vec    0003
__Hsfr0                   sfr0         0000
__Hsfr1                   sfr1         0000
__Hsfr2                   sfr2         0000
__Hsfr3                   sfr3         0000
__Hspace_0                (abs)        0322
__Hspace_1                (abs)        007B
__Hspace_2                (abs)        0000
__Hspace_3                (abs)        0000
__Hspace_4                (abs)        400F
__Hstack                  stack        0000
__Hstrings                strings      0000
__Htext                   text         0000
__Labs1                   abs1         0000
__Lbank0                  bank0        0000
__Lbank1                  bank1        0000
__Lbank2                  bank2        0000
__Lbank3                  bank3        0000
__LbssCOMMON              bssCOMMON    0000
__Lcinit                  cinit        000F
__Lclrtext                clrtext      0000
__Lcode                   code         0000
__Lcommon                 common       0000
__Lconfig                 config       0000
__LcstackBANK0            cstackBANK0  0000
__LcstackCOMMON           cstackCOMMON 0000
__Leeprom_data            eeprom_data  0000
__Lend_init               end_init     000C
__Lfunctab                functab      0000
__Lidloc                  idloc        0000
__Linit                   init         000C
__Lintentry               intentry     0004
__Lmaintext               maintext     0000
__LnvBANK0                nvBANK0      0000
__Lpowerup                powerup      0000
__Lram                    ram          0000
__Lreset_vec              reset_vec    0000
__Lsfr0                   sfr0         0000
__Lsfr1                   sfr1         0000
__Lsfr2                   sfr2         0000
__Lsfr3                   sfr3         0000
__Lspace_0                (abs)        0000
__Lspace_1                (abs)        0000
__Lspace_2                (abs)        0000
__Lspace_3                (abs)        0000
__Lspace_4                (abs)        0000
__Lstack                  stack        0000
__Lstrings                strings      0000
__Ltext                   text         0000
__S0                      (abs)        0322
__S1                      (abs)        007B
__S3                      (abs)        0000
___aldiv                  text3        00F1
___aldiv@counter          cstackBANK0  0030
___aldiv@dividend         cstackBANK0  002C
___aldiv@divisor          cstackBANK0  0028
___aldiv@quotient         cstackBANK0  0032
___aldiv@sign             cstackBANK0  0031
___int_sp                 stack        0000
___latbits                (abs)        0002
___lmul                   text2        01F8
___lmul@multiplicand      cstackBANK0  0024
___lmul@multiplier        cstackBANK0  0020
___lmul@product           cstackCOMMON 0074
___lwdiv                  text7        0240
___lwdiv@counter          cstackBANK0  0020
___lwdiv@dividend         cstackCOMMON 0075
___lwdiv@divisor          cstackCOMMON 0073
___lwdiv@quotient         cstackBANK0  0021
___lwmod                  text6        0286
___lwmod@counter          cstackCOMMON 0079
___lwmod@dividend         cstackBANK0  0025
___lwmod@divisor          cstackBANK0  0023
___sp                     stack        0000
___stackhi                (abs)        0000
___stacklo                (abs)        0000
__end_of_ISR              text8        0321
__end_of___aldiv          text3        018E
__end_of___lmul           text2        0240
__end_of___lwdiv          text7        0286
__end_of___lwmod          text6        02C2
__end_of__initialization  cinit        0010
__end_of__stringtab       strings      02C8
__end_of_dpowers          strings      02D2
__end_of_main             maintext     0302
__end_of_printf           text4        00F1
__end_of_putch            text5        0322
__end_of_sEos_Init_Timer1 text1        01F8
__initialization          cinit        000F
__pbssCOMMON              bssCOMMON    007A
__pcstackBANK0            cstackBANK0  0020
__pcstackCOMMON           cstackCOMMON 0070
__pintentry               intentry     0004
__pmaintext               maintext     02E2
__pnvBANK0                nvBANK0      003E
__pstrings                strings      02C2
__ptext1                  text1        018E
__ptext2                  text2        01F8
__ptext3                  text3        00F1
__ptext4                  text4        0014
__ptext5                  text5        0321
__ptext6                  text6        0286
__ptext7                  text7        0240
__ptext8                  text8        0302
__stringbase              strings      02C7
__stringtab               strings      02C2
_dpowers                  strings      02C8
_main                     maintext     02E2
_preloadValue             nvBANK0      003E
_printf                   text4        0014
_putch                    text5        0321
_sEos_Init_Timer1         text1        018E
btemp                     (abs)        007E
end_of_initialization     cinit        0010
interrupt_function        intentry     0004
intlevel0                 functab      0000
intlevel1                 functab      0000
intlevel2                 functab      0000
intlevel3                 functab      0000
intlevel4                 functab      0000
intlevel5                 functab      0000
printf@ap                 cstackBANK0  002E
printf@c                  cstackBANK0  0034
printf@f                  cstackBANK0  0030
printf@flag               cstackBANK0  002F
printf@prec               cstackBANK0  0031
printf@val                cstackBANK0  0032
reset_vec                 reset_vec    0000
sEos_Init_Timer1@TICK_MS  cstackCOMMON 0079
saved_w                   (abs)        007E
start                     init         000C
start_initialization      cinit        000F
wtemp0                    (abs)        007E


MODULE INFORMATION

Module		Function		Class		Link	Load	Size
C:\Program Files\Microchip\xc8\v2.36\pic\sources\c90\common\doprnt.c
		_printf        		CODE           	0014	0000	221

C:\Program Files\Microchip\xc8\v2.36\pic\sources\c90\common\doprnt.c estimated size: 221

C:\Program Files\Microchip\xc8\v2.36\pic\sources\c90\common\lwmod.c
		___lwmod       		CODE           	0286	0000	60

C:\Program Files\Microchip\xc8\v2.36\pic\sources\c90\common\lwmod.c estimated size: 60

sEos.c
		_sEos_Init_Timer1		CODE           	018E	0000	106

sEos.c estimated size: 106

C:\Program Files\Microchip\xc8\v2.36\pic\sources\c90\common\putch.c
		_putch         		CODE           	0321	0000	1

C:\Program Files\Microchip\xc8\v2.36\pic\sources\c90\common\putch.c estimated size: 1

C:\Program Files\Microchip\xc8\v2.36\pic\sources\c90\common\lwdiv.c
		___lwdiv       		CODE           	0240	0000	70

C:\Program Files\Microchip\xc8\v2.36\pic\sources\c90\common\lwdiv.c estimated size: 70

C:\Program Files\Microchip\xc8\v2.36\pic\sources\c90\common\aldiv.c
		___aldiv       		CODE           	00F1	0000	157

C:\Program Files\Microchip\xc8\v2.36\pic\sources\c90\common\aldiv.c estimated size: 157

shared
		__stringtab    		STRING         	02C2	0000	6
		_dpowers       		STRING         	02C8	0000	10
		__initialization		CODE           	000F	0000	1

shared estimated size: 17

C:\Program Files\Microchip\xc8\v2.36\pic\sources\c90\common\Umul32.c
		___lmul        		CODE           	01F8	0000	72

C:\Program Files\Microchip\xc8\v2.36\pic\sources\c90\common\Umul32.c estimated size: 72

main.c
		_ISR           		CODE           	0302	0000	31
		_main          		CODE           	02E2	0000	32

main.c estimated size: 63

