
Memory Configuration

Name             Origin             Length             Attributes
flash            0x08000000         0x00020000         xr
sram             0x20000000         0x00005000         xrw
*default*        0x00000000         0xffffffff

Linker script and memory map


.text           0x08000000       0xe0
 *(.vectors*)
 .vectors       0x08000000       0x1c startup.o
                0x08000000                vectors
 *(.text*)
 .text          0x0800001c       0x48 startup.o
                0x0800001c                Reset_Handler
                0x08000028                NMI_Handler
                0x08000034                H_fault_Handler
                0x08000040                MM_Fault_Handler
                0x0800004c                Bus_Fault
                0x08000058                Usage_Fault_Handler
 .text          0x08000064       0x7c main.o
                0x08000064                main

.data           0x080000e0        0x4
 .data          0x080000e0        0x0 startup.o
 .data          0x080000e0        0x4 main.o
                0x080000e0                R_ODR

.igot.plt       0x080000e4        0x0
 .igot.plt      0x080000e4        0x0 startup.o

.glue_7         0x080000e4        0x0
 .glue_7        0x080000e4        0x0 linker stubs

.glue_7t        0x080000e4        0x0
 .glue_7t       0x080000e4        0x0 linker stubs

.vfp11_veneer   0x080000e4        0x0
 .vfp11_veneer  0x080000e4        0x0 linker stubs

.v4_bx          0x080000e4        0x0
 .v4_bx         0x080000e4        0x0 linker stubs

.iplt           0x080000e4        0x0
 .iplt          0x080000e4        0x0 startup.o

.rel.dyn        0x080000e4        0x0
 .rel.iplt      0x080000e4        0x0 startup.o

.bss            0x20000000        0x0
 *(.bss*)
 .bss           0x20000000        0x0 startup.o
 .bss           0x20000000        0x0 main.o
LOAD startup.o
LOAD main.o
OUTPUT(learn-in-depth_Cortex_m3.elf elf32-littlearm)

.debug_info     0x00000000      0x277
 .debug_info    0x00000000      0x128 startup.o
 .debug_info    0x00000128      0x14f main.o

.debug_abbrev   0x00000000      0x150
 .debug_abbrev  0x00000000       0x72 startup.o
 .debug_abbrev  0x00000072       0xde main.o

.debug_loc      0x00000000      0x140
 .debug_loc     0x00000000      0x108 startup.o
 .debug_loc     0x00000108       0x38 main.o

.debug_aranges  0x00000000       0x40
 .debug_aranges
                0x00000000       0x20 startup.o
 .debug_aranges
                0x00000020       0x20 main.o

.debug_line     0x00000000      0x248
 .debug_line    0x00000000      0x11d startup.o
 .debug_line    0x0000011d      0x12b main.o

.debug_str      0x00000000      0x1b2
 .debug_str     0x00000000      0x175 startup.o
                                0x1b2 (size before relaxing)
 .debug_str     0x00000175       0x3d main.o
                                0x184 (size before relaxing)

.comment        0x00000000       0x7e
 .comment       0x00000000       0x7e startup.o
                                 0x7f (size before relaxing)
 .comment       0x0000007e       0x7f main.o

.ARM.attributes
                0x00000000       0x33
 .ARM.attributes
                0x00000000       0x33 startup.o
 .ARM.attributes
                0x00000033       0x33 main.o

.debug_frame    0x00000000       0xe4
 .debug_frame   0x00000000       0xb8 startup.o
 .debug_frame   0x000000b8       0x2c main.o
