
Memory Configuration

Name             Origin             Length             Attributes
Mem              0x00000000         0x04000000         xrw
*default*        0x00000000         0xffffffff

Linker script and memory map

                0x00010000                . = 0x10000

.startup        0x00010000       0xa8
 startup.o()
 .text          0x00010000        0xc startup.o
                0x00010000                reset
 .data          0x0001000c        0x0 startup.o
 .bss           0x0001000c        0x0 startup.o
 .ARM.attributes
                0x0001000c       0x22 startup.o
 .iplt          0x0001002e        0x0 startup.o
 .rel.iplt      0x0001002e        0x0 startup.o
 .igot.plt      0x0001002e        0x0 startup.o
 *(.text)
 *fill*         0x0001002e        0x2 
 .text          0x00010030       0x24 app.o
                0x00010030                main
 .text          0x00010054       0x54 uart.o
                0x00010054                uart_send_string

.text
 *(.text)
 *(.rodata)

.glue_7         0x000100a8        0x0
 .glue_7        0x000100a8        0x0 linker stubs

.glue_7t        0x000100a8        0x0
 .glue_7t       0x000100a8        0x0 linker stubs

.vfp11_veneer   0x000100a8        0x0
 .vfp11_veneer  0x000100a8        0x0 linker stubs

.v4_bx          0x000100a8        0x0
 .v4_bx         0x000100a8        0x0 linker stubs

.data           0x000100a8       0x64
 *(.data)
 .data          0x000100a8       0x64 app.o
                0x000100a8                string_buffer
 .data          0x0001010c        0x0 uart.o

.bss            0x0001010c       0x7e
 *(.bss)
 .bss           0x0001010c        0x0 app.o
 .bss           0x0001010c        0x0 uart.o
 *(.comment)
 .comment       0x0001010c       0x7e app.o
                                 0x7f (size before relaxing)
 .comment       0x0001018a       0x7f uart.o
                0x00011209                . = (. + 0x1000)
                0x00011209                stack_top = .
LOAD app.o
LOAD startup.o
LOAD uart.o
OUTPUT(moh.elf elf32-littlearm)

.ARM.attributes
                0x00000000       0x2e
 .ARM.attributes
                0x00000000       0x30 app.o
 .ARM.attributes
                0x00000030       0x32 uart.o
