
Allocating common symbols
Common symbol       size              file

mA_state_id         0x1               mA.o
ps_state_id         0x1               psHandler.o
AH_state_id         0x1               AlarmHandler.o
AlarmState          0x1               mA.o
ps_handler_state    0x4               psHandler.o
AH_state            0x4               AlarmHandler.o
mA_Handler_state    0x4               mA.o

Memory Configuration

Name             Origin             Length             Attributes
flash            0x08000000         0x00020000         xr
sram             0x20000000         0x00005000         xrw
*default*        0x00000000         0xffffffff

Linker script and memory map


.text           0x08000000      0x384
 *(.vectors)
 .vectors       0x08000000       0x50 startup.o
                0x08000000                g_p_fn_Vectors
 *(.text)
 .text          0x08000050       0x90 startup.o
                0x08000050                HardFault_Handler
                0x08000050                PendSV_Handler
                0x08000050                NMI_Handler
                0x08000050                WWDG_Handler
                0x08000050                EXTl2_Handler
                0x08000050                EXTl1_Handler
                0x08000050                RTC_Handler
                0x08000050                usageFault_Handler
                0x08000050                Default_Handler
                0x08000050                EXTl0_Handler
                0x08000050                svCall_Handler
                0x08000050                MemManage_Handler
                0x08000050                tamper_Handler
                0x08000050                Flash_Handler
                0x08000050                RCC_Handler
                0x08000050                PVD_Handler
                0x08000050                SysTick
                0x08000050                BusFault_Handler
                0x08000050                DebugMonitor_Handler
                0x0800005c                Reset_Handler
 .text          0x080000e0       0x20 sEos.o
                0x080000e0                Delay
 .text          0x08000100       0x90 mA.o
                0x08000100                sendPressureVal
                0x08000120                ST_pressureHandling
                0x08000168                ST_AlarmHandling
 .text          0x08000190       0xa4 AlarmHandler.o
                0x08000190                sendAlarmState
                0x080001d0                ST_idle
                0x080001f8                ST_AlarmActivate
 .text          0x08000234       0x44 psHandler.o
                0x08000234                psHandler_init
                0x08000240                ST_ps_reading
 .text          0x08000278       0x68 main.o
                0x08000278                setup
                0x080002b0                main
 .text          0x080002e0       0xa4 driver.o
                0x080002e0                getPressureVal
                0x080002f8                Set_Alarm_actuator
                0x08000334                GPIO_INITIALIZATION
 *(.rodata)
                0x08000384                _E_text_ = .

.glue_7         0x08000384        0x0
 .glue_7        0x08000384        0x0 linker stubs

.glue_7t        0x08000384        0x0
 .glue_7t       0x08000384        0x0 linker stubs

.vfp11_veneer   0x08000384        0x0
 .vfp11_veneer  0x08000384        0x0 linker stubs

.v4_bx          0x08000384        0x0
 .v4_bx         0x08000384        0x0 linker stubs

.iplt           0x08000384        0x0
 .iplt          0x08000384        0x0 startup.o

.rel.dyn        0x08000384        0x0
 .rel.iplt      0x08000384        0x0 startup.o

.data           0x20000000        0x4 load address 0x08000384
                0x20000000                _S_data_ = .
 *(.data)
 .data          0x20000000        0x0 startup.o
 .data          0x20000000        0x0 sEos.o
 .data          0x20000000        0x4 mA.o
                0x20000000                pressureThreshold
 .data          0x20000004        0x0 AlarmHandler.o
 .data          0x20000004        0x0 psHandler.o
 .data          0x20000004        0x0 main.o
 .data          0x20000004        0x0 driver.o
                0x20000004                _E_data_ = .

.igot.plt       0x20000004        0x0 load address 0x08000388
 .igot.plt      0x20000004        0x0 startup.o

.bss            0x20000004      0x420 load address 0x08000388
                0x20000004                _S_bss_ = .
 *(.bss)
 .bss           0x20000004      0x400 startup.o
 .bss           0x20000404        0x0 sEos.o
 .bss           0x20000404        0x4 mA.o
 .bss           0x20000408        0x0 AlarmHandler.o
 .bss           0x20000408        0x4 psHandler.o
                0x20000408                pressureVal
 .bss           0x2000040c        0x0 main.o
 .bss           0x2000040c        0x0 driver.o
                0x2000040c                _E_bss_ = .
 COMMON         0x2000040c        0x8 mA.o
                0x2000040c                mA_state_id
                0x2000040d                AlarmState
                0x20000410                mA_Handler_state
 COMMON         0x20000414        0x8 AlarmHandler.o
                0x20000414                AH_state_id
                0x20000418                AH_state
 COMMON         0x2000041c        0x8 psHandler.o
                0x2000041c                ps_state_id
                0x20000420                ps_handler_state
LOAD startup.o
LOAD sEos.o
LOAD mA.o
LOAD AlarmHandler.o
LOAD psHandler.o
LOAD main.o
LOAD driver.o
OUTPUT(FirstTermProj.elf elf32-littlearm)

.debug_info     0x00000000     0x34e6
 .debug_info    0x00000000      0x1a5 startup.o
 .debug_info    0x000001a5       0x56 sEos.o
 .debug_info    0x000001fb      0xa60 mA.o
 .debug_info    0x00000c5b      0xa3d AlarmHandler.o
 .debug_info    0x00001698      0xa0c psHandler.o
 .debug_info    0x000020a4      0xa62 main.o
 .debug_info    0x00002b06      0x9e0 driver.o

.debug_abbrev   0x00000000      0xa87
 .debug_abbrev  0x00000000       0xdc startup.o
 .debug_abbrev  0x000000dc       0x48 sEos.o
 .debug_abbrev  0x00000124      0x201 mA.o
 .debug_abbrev  0x00000325      0x1f2 AlarmHandler.o
 .debug_abbrev  0x00000517      0x1e3 psHandler.o
 .debug_abbrev  0x000006fa      0x1d6 main.o
 .debug_abbrev  0x000008d0      0x1b7 driver.o

.debug_loc      0x00000000      0x3c8
 .debug_loc     0x00000000       0x7c startup.o
 .debug_loc     0x0000007c       0x5c sEos.o
 .debug_loc     0x000000d8       0xa8 mA.o
 .debug_loc     0x00000180       0xb4 AlarmHandler.o
 .debug_loc     0x00000234       0x58 psHandler.o
 .debug_loc     0x0000028c       0x58 main.o
 .debug_loc     0x000002e4       0xe4 driver.o

.debug_aranges  0x00000000       0xe0
 .debug_aranges
                0x00000000       0x20 startup.o
 .debug_aranges
                0x00000020       0x20 sEos.o
 .debug_aranges
                0x00000040       0x20 mA.o
 .debug_aranges
                0x00000060       0x20 AlarmHandler.o
 .debug_aranges
                0x00000080       0x20 psHandler.o
 .debug_aranges
                0x000000a0       0x20 main.o
 .debug_aranges
                0x000000c0       0x20 driver.o

.debug_line     0x00000000      0x8e7
 .debug_line    0x00000000       0x67 startup.o
 .debug_line    0x00000067       0x42 sEos.o
 .debug_line    0x000000a9      0x191 mA.o
 .debug_line    0x0000023a      0x1a8 AlarmHandler.o
 .debug_line    0x000003e2      0x197 psHandler.o
 .debug_line    0x00000579      0x1c4 main.o
 .debug_line    0x0000073d      0x1aa driver.o

.debug_str      0x00000000      0x6f2
 .debug_str     0x00000000      0x17f startup.o
                                0x1b3 (size before relaxing)
 .debug_str     0x0000017f       0x14 sEos.o
                                 0xb8 (size before relaxing)
 .debug_str     0x00000193      0x45a mA.o
                                0x5d6 (size before relaxing)
 .debug_str     0x000005ed       0x57 AlarmHandler.o
                                0x59a (size before relaxing)
 .debug_str     0x00000644       0x52 psHandler.o
                                0x57c (size before relaxing)
 .debug_str     0x00000696       0x12 main.o
                                0x5bd (size before relaxing)
 .debug_str     0x000006a8       0x4a driver.o
                                0x568 (size before relaxing)

.comment        0x00000000       0x7e
 .comment       0x00000000       0x7e startup.o
                                 0x7f (size before relaxing)
 .comment       0x0000007e       0x7f sEos.o
 .comment       0x0000007e       0x7f mA.o
 .comment       0x0000007e       0x7f AlarmHandler.o
 .comment       0x0000007e       0x7f psHandler.o
 .comment       0x0000007e       0x7f main.o
 .comment       0x0000007e       0x7f driver.o

.ARM.attributes
                0x00000000       0x33
 .ARM.attributes
                0x00000000       0x33 startup.o
 .ARM.attributes
                0x00000033       0x33 sEos.o
 .ARM.attributes
                0x00000066       0x33 mA.o
 .ARM.attributes
                0x00000099       0x33 AlarmHandler.o
 .ARM.attributes
                0x000000cc       0x33 psHandler.o
 .ARM.attributes
                0x000000ff       0x33 main.o
 .ARM.attributes
                0x00000132       0x33 driver.o

.debug_frame    0x00000000      0x26c
 .debug_frame   0x00000000       0x50 startup.o
 .debug_frame   0x00000050       0x38 sEos.o
 .debug_frame   0x00000088       0x6c mA.o
 .debug_frame   0x000000f4       0x70 AlarmHandler.o
 .debug_frame   0x00000164       0x48 psHandler.o
 .debug_frame   0x000001ac       0x48 main.o
 .debug_frame   0x000001f4       0x78 driver.o
