
Memory Configuration

Name             Origin             Length             Attributes
Mem              0x00000000         0x04000000         xrw
*default*        0x00000000         0xffffffff

Linker script and memory map

                0x00010000                . = 0x10000

.startup        0x00010000       0x10
 startup.o*(.text)
 .text          0x00010000       0x10 startup.o
                0x00010000                reset

.text           0x00010010       0x70
 *(.text)
 .text          0x00010010       0x1c app.o
                0x00010010                main
 .text          0x0001002c       0x54 uart.o
                0x0001002c                uart_send_string
 *(.rodata)

.glue_7         0x00010080        0x0
 .glue_7        0x00010080        0x0 linker stubs

.glue_7t        0x00010080        0x0
 .glue_7t       0x00010080        0x0 linker stubs

.vfp11_veneer   0x00010080        0x0
 .vfp11_veneer  0x00010080        0x0 linker stubs

.v4_bx          0x00010080        0x0
 .v4_bx         0x00010080        0x0 linker stubs

.iplt           0x00010080        0x0
 .iplt          0x00010080        0x0 app.o

.rel.dyn        0x00010080        0x0
 .rel.iplt      0x00010080        0x0 app.o

.data           0x00010080       0x64
 *(.data)
 .data          0x00010080       0x64 app.o
                0x00010080                string_buffer
 .data          0x000100e4        0x0 uart.o
 .data          0x000100e4        0x0 startup.o

.igot.plt       0x000100e4        0x0
 .igot.plt      0x000100e4        0x0 app.o

.bss            0x000100e4       0x7e
 *(.bss)
 .bss           0x000100e4        0x0 app.o
 .bss           0x000100e4        0x0 uart.o
 .bss           0x000100e4        0x0 startup.o
 *(.comment)
 .comment       0x000100e4       0x7e app.o
                                 0x7f (size before relaxing)
 .comment       0x00010162       0x7f uart.o
                0x000111e1                . = (. + 0x1000)
                0x000111e1                stack_top = .
LOAD app.o
LOAD uart.o
LOAD startup.o
OUTPUT(learn-in-depth.elf elf32-littlearm)

.ARM.attributes
                0x00000000       0x30
 .ARM.attributes
                0x00000000       0x32 app.o
 .ARM.attributes
                0x00000032       0x32 uart.o
 .ARM.attributes
                0x00000064       0x22 startup.o

.debug_info     0x00000000       0xe3
 .debug_info    0x00000000       0x66 app.o
 .debug_info    0x00000066       0x57 uart.o
 .debug_info    0x000000bd       0x26 startup.o

.debug_abbrev   0x00000000       0xbf
 .debug_abbrev  0x00000000       0x5a app.o
 .debug_abbrev  0x0000005a       0x51 uart.o
 .debug_abbrev  0x000000ab       0x14 startup.o

.debug_aranges  0x00000000       0x60
 .debug_aranges
                0x00000000       0x20 app.o
 .debug_aranges
                0x00000020       0x20 uart.o
 .debug_aranges
                0x00000040       0x20 startup.o

.debug_line     0x00000000       0xaa
 .debug_line    0x00000000       0x35 app.o
 .debug_line    0x00000035       0x3b uart.o
 .debug_line    0x00000070       0x3a startup.o

.debug_str      0x00000000      0x105
 .debug_str     0x00000000       0xc8 app.o
 .debug_str     0x000000c8       0x24 uart.o
                                 0xc6 (size before relaxing)
 .debug_str     0x000000ec       0x19 startup.o
                                 0x50 (size before relaxing)

.debug_frame    0x00000000       0x5c
 .debug_frame   0x00000000       0x2c app.o
 .debug_frame   0x0000002c       0x30 uart.o
